tests/check_tags/fake_pass.nim(14, 9) Error: child 0: got DotToken, expected type [RefT (ref)]
tests/check_tags/fake_pass.nim(20, 7) Error: expected 3..3 children, got 2 [AddX (add)]
tests/check_tags/fake_pass.nim(26, 7) Error: child 0: got SymDef, expected expr [AsgnS (asgn)]
tests/check_tags/fake_pass.nim(26, 7) Error: child 1: got DotToken, expected expr [AsgnS (asgn)]
